FFFFFFFF                                                                 [100%]
=================================== FAILURES ===================================
_____________ test_many_arms_cannot_increase_a_trials_total_weight _____________

    def test_many_arms_cannot_increase_a_trials_total_weight():
        df = pd.DataFrame({"record": ["A", "B", "B", "B"], "R": [0, 1, 1, 1]})
>       weights = estimator.trial_weights(df)
                  ^^^^^^^^^^^^^^^^^^^^^^^^^^^

analysis/paper_study/nature_food_revision_20261007/yield_response/tests/test_response_estimator.py:19: 
_ _ _ _ _ _ _ _ _ _ _ _ _ _ _ _ _ _ _ _ _ _ _ _ _ _ _ _ _ _ _ _ _ _ _ _ _ _ _ _ 

frame =   record  R
0      A  0
1      B  1
2      B  1
3      B  1

    def trial_weights(frame):
>       raise NotImplementedError("Trial-balanced weights are not implemented")
E       NotImplementedError: Trial-balanced weights are not implemented

analysis/paper_study/nature_food_revision_20261007/yield_response/response_estimator.py:4: NotImplementedError
____ test_withheld_outcomes_cannot_change_training_coefficient_or_baseline _____

    def test_withheld_outcomes_cannot_change_training_coefficient_or_baseline():
        df = pd.DataFrame({
            "row_id": ["A1", "B1", "B2", "C1"],
            "record": ["A", "B", "B", "C"],
            "control_id": ["A0", "B0", "B0", "C0"],
            "x": [1, 1, 1, 2], "R": [0.1, 0.2, 0.4, 0.8],
        })
>       predictions, folds, membership = estimator.leave_one_trial_out(df, ["x"])
                                         ^^^^^^^^^^^^^^^^^^^^^^^^^^^^^^^^^^^^^^^^

analysis/paper_study/nature_food_revision_20261007/yield_response/tests/test_response_estimator.py:32: 
_ _ _ _ _ _ _ _ _ _ _ _ _ _ _ _ _ _ _ _ _ _ _ _ _ _ _ _ _ _ _ _ _ _ _ _ _ _ _ _ 

frame =   row_id record control_id  x    R
0     A1      A         A0  1  0.1
1     B1      B         B0  1  0.2
2     B2      B         B0  1  0.4
3     C1      C         C0  2  0.8
features = ['x']

    def leave_one_trial_out(frame, features):
>       raise NotImplementedError("Grouped withholding is not implemented")
E       NotImplementedError: Grouped withholding is not implemented

analysis/paper_study/nature_food_revision_20261007/yield_response/response_estimator.py:13: NotImplementedError
_______ test_arms_sharing_control_are_never_split_across_train_and_test ________

    def test_arms_sharing_control_are_never_split_across_train_and_test():
        df = pd.DataFrame({"row_id": ["A1", "A2", "B1", "B2"],
                           "record": ["A", "A", "B", "B"],
                           "control_id": ["A0", "A0", "B0", "B0"],
                           "x": [1, 2, 1, 2], "R": [.1, .2, .2, .4]})
>       _, _, membership = estimator.leave_one_trial_out(df, ["x"])
                           ^^^^^^^^^^^^^^^^^^^^^^^^^^^^^^^^^^^^^^^^

analysis/paper_study/nature_food_revision_20261007/yield_response/tests/test_response_estimator.py:53: 
_ _ _ _ _ _ _ _ _ _ _ _ _ _ _ _ _ _ _ _ _ _ _ _ _ _ _ _ _ _ _ _ _ _ _ _ _ _ _ _ 

frame =   row_id record control_id  x    R
0     A1      A         A0  1  0.1
1     A2      A         A0  2  0.2
2     B1      B         B0  1  0.2
3     B2      B         B0  2  0.4
features = ['x']

    def leave_one_trial_out(frame, features):
>       raise NotImplementedError("Grouped withholding is not implemented")
E       NotImplementedError: Grouped withholding is not implemented

analysis/paper_study/nature_food_revision_20261007/yield_response/response_estimator.py:13: NotImplementedError
________ test_duplicate_arms_in_one_trial_do_not_change_fit_or_baseline ________

    def test_duplicate_arms_in_one_trial_do_not_change_fit_or_baseline():
        df = pd.DataFrame({"record": ["A", "B"], "x": [1, 2], "R": [.1, .4]})
        inflated = pd.concat([df.iloc[[0]]] + [df.iloc[[1]]] * 30, ignore_index=True)
>       fit = estimator.fit_origin(df, ["x"])
              ^^^^^^^^^^^^^^^^^^^^^^^^^^^^^^^

analysis/paper_study/nature_food_revision_20261007/yield_response/tests/test_response_estimator.py:62: 
_ _ _ _ _ _ _ _ _ _ _ _ _ _ _ _ _ _ _ _ _ _ _ _ _ _ _ _ _ _ _ _ _ _ _ _ _ _ _ _ 

frame =   record  x    R
0      A  1  0.1
1      B  2  0.4, features = ['x']

    def fit_origin(frame, features):
>       raise NotImplementedError("Training-only fitting is not implemented")
E       NotImplementedError: Training-only fitting is not implemented

analysis/paper_study/nature_food_revision_20261007/yield_response/response_estimator.py:7: NotImplementedError
_____ test_signed_disease_differences_and_negative_responses_are_retained ______

    def test_signed_disease_differences_and_negative_responses_are_retained():
        df = pd.DataFrame({"record": ["A", "B"], "x": [-2, 1], "R": [-.4, .2]})
>       fit = estimator.fit_origin(df, ["x"])
              ^^^^^^^^^^^^^^^^^^^^^^^^^^^^^^^

analysis/paper_study/nature_food_revision_20261007/yield_response/tests/test_response_estimator.py:72: 
_ _ _ _ _ _ _ _ _ _ _ _ _ _ _ _ _ _ _ _ _ _ _ _ _ _ _ _ _ _ _ _ _ _ _ _ _ _ _ _ 

frame =   record  x    R
0      A -2 -0.4
1      B  1  0.2, features = ['x']

    def fit_origin(frame, features):
>       raise NotImplementedError("Training-only fitting is not implemented")
E       NotImplementedError: Training-only fitting is not implemented

analysis/paper_study/nature_food_revision_20261007/yield_response/response_estimator.py:7: NotImplementedError
________ test_negative_slope_constraint_and_null_predictor_are_reported ________

    def test_negative_slope_constraint_and_null_predictor_are_reported():
        df = pd.DataFrame({"record": ["A", "B"], "x": [1, 2], "R": [-.1, -.2]})
>       assert estimator.fit_origin(df, ["x"])["coefficients"] == pytest.approx([0])
               ^^^^^^^^^^^^^^^^^^^^^^^^^^^^^^^

analysis/paper_study/nature_food_revision_20261007/yield_response/tests/test_response_estimator.py:81: 
_ _ _ _ _ _ _ _ _ _ _ _ _ _ _ _ _ _ _ _ _ _ _ _ _ _ _ _ _ _ _ _ _ _ _ _ _ _ _ _ 

frame =   record  x    R
0      A  1 -0.1
1      B  2 -0.2, features = ['x']

    def fit_origin(frame, features):
>       raise NotImplementedError("Training-only fitting is not implemented")
E       NotImplementedError: Training-only fitting is not implemented

analysis/paper_study/nature_food_revision_20261007/yield_response/response_estimator.py:7: NotImplementedError
_________ test_integral_uses_only_common_dates_and_actual_day_spacing __________

    def test_integral_uses_only_common_dates_and_actual_day_spacing():
        untreated = pd.DataFrame({"date": ["2020-06-01", "2020-06-04", "2020-06-08", "2020-06-11"],
                                  "stb": [0., 10., 99., 20.]})
        treated = pd.DataFrame({"date": ["2020-06-01", "2020-06-04", "2020-06-11", "2020-06-20"],
                                "stb": [0., 5., 5., 99.]})
>       integral, knots = estimator.paired_integral(untreated, treated)
                          ^^^^^^^^^^^^^^^^^^^^^^^^^^^^^^^^^^^^^^^^^^^^^

analysis/paper_study/nature_food_revision_20261007/yield_response/tests/test_response_estimator.py:93: 
_ _ _ _ _ _ _ _ _ _ _ _ _ _ _ _ _ _ _ _ _ _ _ _ _ _ _ _ _ _ _ _ _ _ _ _ _ _ _ _ 

untreated =          date   stb
0  2020-06-01   0.0
1  2020-06-04  10.0
2  2020-06-08  99.0
3  2020-06-11  20.0
treated =          date   stb
0  2020-06-01   0.0
1  2020-06-04   5.0
2  2020-06-11   5.0
3  2020-06-20  99.0

    def paired_integral(untreated, treated):
>       raise NotImplementedError("Common-date integral is not implemented")
E       NotImplementedError: Common-date integral is not implemented

analysis/paper_study/nature_food_revision_20261007/yield_response/response_estimator.py:19: NotImplementedError
_________ test_additive_model_does_not_turn_missing_disease_into_zero __________

    def test_additive_model_does_not_turn_missing_disease_into_zero():
        df = pd.DataFrame({"record": ["A", "B"], "R": [.1, .2], "stb_delta": [1., 2.],
                           "rust_delta": [np.nan, 0.]})
        with pytest.raises(ValueError, match="finite"):
>           estimator.fit_origin(df, ["stb_delta", "rust_delta"])

analysis/paper_study/nature_food_revision_20261007/yield_response/tests/test_response_estimator.py:106: 
_ _ _ _ _ _ _ _ _ _ _ _ _ _ _ _ _ _ _ _ _ _ _ _ _ _ _ _ _ _ _ _ _ _ _ _ _ _ _ _ 

frame =   record    R  stb_delta  rust_delta
0      A  0.1        1.0         NaN
1      B  0.2        2.0         0.0
features = ['stb_delta', 'rust_delta']

    def fit_origin(frame, features):
>       raise NotImplementedError("Training-only fitting is not implemented")
E       NotImplementedError: Training-only fitting is not implemented

analysis/paper_study/nature_food_revision_20261007/yield_response/response_estimator.py:7: NotImplementedError
=========================== short test summary info ============================
FAILED analysis/paper_study/nature_food_revision_20261007/yield_response/tests/test_response_estimator.py::test_many_arms_cannot_increase_a_trials_total_weight
FAILED analysis/paper_study/nature_food_revision_20261007/yield_response/tests/test_response_estimator.py::test_withheld_outcomes_cannot_change_training_coefficient_or_baseline
FAILED analysis/paper_study/nature_food_revision_20261007/yield_response/tests/test_response_estimator.py::test_arms_sharing_control_are_never_split_across_train_and_test
FAILED analysis/paper_study/nature_food_revision_20261007/yield_response/tests/test_response_estimator.py::test_duplicate_arms_in_one_trial_do_not_change_fit_or_baseline
FAILED analysis/paper_study/nature_food_revision_20261007/yield_response/tests/test_response_estimator.py::test_signed_disease_differences_and_negative_responses_are_retained
FAILED analysis/paper_study/nature_food_revision_20261007/yield_response/tests/test_response_estimator.py::test_negative_slope_constraint_and_null_predictor_are_reported
FAILED analysis/paper_study/nature_food_revision_20261007/yield_response/tests/test_response_estimator.py::test_integral_uses_only_common_dates_and_actual_day_spacing
FAILED analysis/paper_study/nature_food_revision_20261007/yield_response/tests/test_response_estimator.py::test_additive_model_does_not_turn_missing_disease_into_zero
8 failed in 0.50s
