{
  "status": "verified",
  "verified_utc": "2026-10-07T13:12:12.581625+00:00",
  "source_and_output_sha256_checks": true,
  "settings": 14,
  "GCMs": 3,
  "draw_season_rows": 161280,
  "paired_year_offset": 80,
  "all_spatial_draws": 64,
  "unique_cells": 62,
  "independent_statistics_metrics": 14,
  "paired_population_gcm_checks": 1176,
  "maximum_independent_summary_difference": 0.0,
  "maximum_independent_mcse_difference": 0.0,
  "daily_archives_checked": 180,
  "daily_HAD_transform_checks": 230220,
  "maximum_daily_float32_reconstruction_difference": 5.4169372276646754e-06,
  "daily_float32_precision_check": "Per-row bound from half-ULP area and damage rounding; product error includes cross term; additional1e-10 floating arithmetic allowance.",
  "maximum_daily_error_to_precision_bound_ratio": 0.6666509724025617,
  "maximum_daily_precision_bound": 8.289802236652374e-06,
  "first_crossing_date_checks": 6912,
  "first_crossing_sample_years": [
    1991,
    2071
  ],
  "shared_draw_covariance_preserved": true,
  "original_frozen_raw_forcing_archives_verified": 186,
  "verification_code_sha256": "12101e01668f1d3dba93347a437d7589c9ad712db1af5d8f4574a37062501a18",
  "registration_sha256": "75497723efa0c324f0bb4a859476f0ece917220e583c66846d1f98e5f2538de2",
  "completion_receipt_sha256": "5f6da5a0f6f6b1d6fc05f0197473ad6811f42e2e4101fbcc058b5057d3a52932"
}
